PS C:\Users\tokot> cd C:\Users\tokot\Desktop\samurai\kadai
PS C:\Users\tokot\Desktop\samurai\kadai> mkdir git_challenge


    ディレクトリ: C:\Users\tokot\Desktop\samurai\kadai


Mode                 LastWriteTime         Length Name
----                 -------------         ------ ----
d-----        2025/07/03     21:01                git_challenge       


PS C:\Users\tokot\Desktop\samurai\kadai> cd git_challenge
PS C:\Users\tokot\Desktop\samurai\kadai\git_challenge> git init
Initialized empty Git repository in C:/Users/tokot/Desktop/samurai/kadai/git_challenge/.git/

PS C:\Users\tokot\Desktop\samurai\kadai\git_challenge> echo "Hello, world!" >> hello_world.txt
PS C:\Users\tokot\Desktop\samurai\kadai\git_challenge> cat hello_world.txt
Hello, world!
PS C:\Users\tokot\Desktop\samurai\kadai\git_challenge> git add .
PS C:\Users\tokot\Desktop\samurai\kadai\git_challenge> git status
On branch main

No commits yet

Changes to be committed:
  (use "git rm --cached <file>..." to unstage)
        new file:   hello_world.txt

PS C:\Users\tokot\Desktop\samurai\kadai\git_challenge> git commit -m "hello_world.txtを追加"
[main (root-commit) 7a42e0c] hello_world.txtを追加
 1 file changed, 0 insertions(+), 0 deletions(-)
 create mode 100644 hello_world.txt
PS C:\Users\tokot\Desktop\samurai\kadai\git_challenge> git status
On branch main
nothing to commit, working tree clean

PS C:\Users\tokot\Desktop\samurai\kadai\git_challenge> echo "こんにちは、世界！" >> hello_world.txt
PS C:\Users\tokot\Desktop\samurai\kadai\git_challenge> cat hello_world.txt
Hello, world!
こんにちは、世界！
PS C:\Users\tokot\Desktop\samurai\kadai\git_challenge> git add .
PS C:\Users\tokot\Desktop\samurai\kadai\git_challenge> git status
On branch main
Changes to be committed:
  (use "git restore --staged <file>..." to unstage)
        modified:   hello_world.txt

PS C:\Users\tokot\Desktop\samurai\kadai\git_challenge> git commit -m " 日本語訳を追記"
[main 5877664] 日本語訳を追記
 1 file changed, 0 insertions(+), 0 deletions(-)
PS C:\Users\tokot\Desktop\samurai\kadai\git_challenge> git status
On branch main
nothing to commit, working tree clean

PS C:\Users\tokot\Desktop\samurai\kadai\git_challenge> git log --oneline
5877664 (HEAD -> main) 日本語訳を追記
7a42e0c hello_world.txtを追加